[03:43:11]   comm r/NewTubers «faceless» до 2026-09
[03:43:21]     +100 (всего 500)
[03:43:30]   comm r/NewTubers «faceless» до 2026-09
[03:43:38]     +100 (всего 600)
[03:43:46]   comm r/NewTubers «faceless» до 2026-08
[03:43:55]     неудача (Timeout. Maybe slow down a bit) → пауза 15с
[03:44:21]     неудача (Timeout. Maybe slow down a bit) → пауза 25с
[03:44:54]     +100 (всего 700)
[03:45:03]   comm r/NewTubers «faceless» до 2026-07
[03:45:12]     +100 (всего 800)
[03:45:21]   comm r/NewTubers «faceless» до 2026-06
[03:45:30]     +100 (всего 900)
[03:45:38]   comm r/NewTubers «faceless» до 2026-05
[03:45:44]     +100 (всего 1000)
[03:45:53]   comm r/NewTubers «faceless» до 2026-05
[03:45:58]     +100 (всего 1100)
[03:46:07]   comm r/NewTubers «faceless» до 2026-05
[03:46:08]     неудача (Timeout. Maybe slow down a bit) → пауза 17с
[03:46:35]     неудача (Timeout. Maybe slow down a bit) → пауза 23с
[03:47:06]     неудача (Timeout. Maybe slow down a bit) → пауза 34с
[03:47:40]     ⚠ отказ, пропускаю этот запрос
[03:47:40]   comm r/NewTubers «faceless%20youtube» до 2026-09
[03:47:49]     неудача (Timeout. Maybe slow down a bit) → пауза 16с
[03:48:16]     неудача (Timeout. Maybe slow down a bit) → пауза 26с
[03:48:50]     неудача (Timeout. Maybe slow down a bit) → пауза 33с
[03:49:24]     ⚠ отказ, пропускаю этот запрос
[03:49:24]   comm r/NewTubers «faceless%20channel» до 2026-09
[03:49:34]     неудача (Timeout. Maybe slow down a bit) → пауза 15с
[03:49:58]     неудача (Timeout. Maybe slow down a bit) → пауза 23с
[03:50:21]     неудача (Timeout. Maybe slow down a bit) → пауза 36с
[03:50:57]     ⚠ отказ, пропускаю этот запрос
[03:50:57]   comm r/NewTubers «faceless%20video» до 2026-09
[03:51:06]     неудача (Timeout. Maybe slow down a bit) → пауза 12с
[03:51:28]     неудача (Timeout. Maybe slow down a bit) → пауза 26с
[03:52:03]     неудача (Timeout. Maybe slow down a bit) → пауза 35с
[03:52:37]     ⚠ отказ, пропускаю этот запрос
[03:52:37]   comm r/NewTubers «ai%20youtube%20cha» до 2026-09
[03:52:46]     неудача (Timeout. Maybe slow down a bit) → пауза 13с
[03:53:08]     неудача (Timeout. Maybe slow down a bit) → пауза 25с
[03:53:42]     неудача (Timeout. Maybe slow down a bit) → пауза 37с
[03:54:19]     ⚠ отказ, пропускаю этот запрос
[03:54:19]   comm r/NewTubers «ai%20video%20chann» до 2026-09
[03:54:20]     неудача (Timeout. Maybe slow down a bit) → пауза 17с
[03:54:43]     +100 (всего 1192)
[03:54:51]   comm r/NewTubers «ai%20video%20chann» до 2026-09
[03:55:01]     +100 (всего 1286)
[03:55:09]   comm r/NewTubers «ai%20video%20chann» до 2026-08
[03:55:18]     +100 (всего 1383)
[03:55:28]   comm r/NewTubers «ai%20video%20chann» до 2026-07
[03:55:29]     неудача (Timeout. Maybe slow down a bit) → пауза 17с
[03:55:51]     +100 (всего 1476)
[03:55:58]   comm r/NewTubers «ai%20video%20chann» до 2026-07
[03:56:04]     +100 (всего 1570)
[03:56:12]   comm r/NewTubers «ai%20video%20chann» до 2026-07
[03:56:20]     +100 (всего 1665)
[03:56:28]   comm r/NewTubers «ai%20video%20chann» до 2026-06
[03:56:37]     неудача (Timeout. Maybe slow down a bit) → пауза 15с
[03:57:00]     неудача (Timeout. Maybe slow down a bit) → пауза 24с
[03:57:33]     +100 (всего 1756)
[03:57:41]   comm r/NewTubers «ai%20video%20chann» до 2026-05
[03:57:49]     +100 (всего 1842)
[03:57:58]   comm r/NewTubers «ai%20slop» до 2026-09
[03:58:04]     +100 (всего 1926)
[03:58:12]   comm r/NewTubers «ai%20slop» до 2026-09
[03:58:21]     неудача (Timeout. Maybe slow down a bit) → пауза 12с
[03:58:41]     +100 (всего 2011)
[03:58:49]   comm r/NewTubers «ai%20slop» до 2026-08
[03:58:54]     +100 (всего 2091)
[03:59:04]   comm r/NewTubers «ai%20slop» до 2026-07
[03:59:10]     +100 (всего 2172)
[03:59:19]   comm r/NewTubers «ai%20slop» до 2026-07
[03:59:19]     неудача (Timeout. Maybe slow down a bit) → пауза 16с
[03:59:45]     +100 (всего 2256)
[03:59:52]   comm r/NewTubers «ai%20slop» до 2026-06
[04:00:01]     неудача (Timeout. Maybe slow down a bit) → пауза 16с
[04:00:26]     неудача (Timeout. Maybe slow down a bit) → пауза 23с
[04:00:58]     неудача (Timeout. Maybe slow down a bit) → пауза 33с
[04:01:31]     ⚠ отказ, пропускаю этот запрос
[04:01:31]   comm r/NewTubers «youtube%20automati» до 2026-09
[04:01:39]     неудача (Timeout. Maybe slow down a bit) → пауза 14с
[04:02:02]     неудача (Timeout. Maybe slow down a bit) → пауза 26с
[04:02:38]     неудача (Timeout. Maybe slow down a bit) → пауза 33с
[04:03:11]     ⚠ отказ, пропускаю этот запрос
[04:03:11]   comm r/NewTubers «video%20monetizati» до 2026-09
[04:03:17]     +100 (всего 2350)
[04:03:25]   comm r/NewTubers «video%20monetizati» до 2026-09
[04:03:31]     +100 (всего 2438)
[04:03:38]   comm r/NewTubers «video%20monetizati» до 2026-09
[04:03:45]     +100 (всего 2531)
[04:03:53]   comm r/NewTubers «video%20monetizati» до 2026-08
[04:03:54]     неудача (Timeout. Maybe slow down a bit) → пауза 16с
[04:04:15]     +100 (всего 2625)
[04:04:24]   comm r/NewTubers «video%20monetizati» до 2026-08
[04:04:28]     +100 (всего 2713)
[04:04:35]   comm r/NewTubers «video%20monetizati» до 2026-08
[04:04:41]     +100 (всего 2808)
[04:04:51]   comm r/NewTubers «video%20monetizati» до 2026-07
[04:04:56]     +100 (всего 2900)
[04:05:06]   comm r/NewTubers «video%20monetizati» до 2026-07
[04:05:08]     неудача (Timeout. Maybe slow down a bit) → пауза 14с
[04:05:28]     +100 (всего 2988)
[04:05:35]   comm r/YouTubers «faceless» до 2026-09
[04:05:46]     неудача (Timeout. Maybe slow down a bit) → пауза 15с
[04:06:10]     неудача (Timeout. Maybe slow down a bit) → пауза 23с
[04:06:43]     неудача (Timeout. Maybe slow down a bit) → пауза 33с
[04:07:16]     ⚠ отказ, пропускаю этот запрос
[04:07:16]   comm r/YouTubers «faceless%20youtube» до 2026-09
[04:07:17]     неудача (Timeout. Maybe slow down a bit) → пауза 17с
[04:07:43]     неудача (Timeout. Maybe slow down a bit) → пауза 22с
[04:08:07]     неудача (Timeout. Maybe slow down a bit) → пауза 35с
[04:08:41]     ⚠ отказ, пропускаю этот запрос
[04:08:41]   comm r/YouTubers «faceless%20channel» до 2026-09
[04:08:52]     неудача (Timeout. Maybe slow down a bit) → пауза 16с
[04:09:17]     неудача (Timeout. Maybe slow down a bit) → пауза 24с
[04:09:51]     неудача (Timeout. Maybe slow down a bit) → пауза 32с
[04:10:24]     ⚠ отказ, пропускаю этот запрос
[04:10:24]   comm r/YouTubers «faceless%20video» до 2026-09
[04:10:34]     неудача (Timeout. Maybe slow down a bit) → пауза 15с
[04:10:58]     неудача (Timeout. Maybe slow down a bit) → пауза 26с
[04:11:35]     неудача (Timeout. Maybe slow down a bit) → пауза 35с
[04:12:09]     ⚠ отказ, пропускаю этот запрос
[04:12:09]   comm r/YouTubers «ai%20youtube%20cha» до 2026-09
[04:12:19]     неудача (Timeout. Maybe slow down a bit) → пауза 14с
[04:12:44]     неудача (Timeout. Maybe slow down a bit) → пауза 26с
[04:13:20]     неудача (Timeout. Maybe slow down a bit) → пауза 32с
[04:13:52]     ⚠ отказ, пропускаю этот запрос
[04:13:52]   comm r/YouTubers «ai%20video%20chann» до 2026-09
[04:14:01]     неудача (Timeout. Maybe slow down a bit) → пауза 13с
[04:14:24]     неудача (Timeout. Maybe slow down a bit) → пауза 27с
[04:15:00]     неудача (Timeout. Maybe slow down a bit) → пауза 33с
[04:15:32]     ⚠ отказ, пропускаю этот запрос
[04:15:32]   comm r/YouTubers «ai%20slop» до 2026-09
[04:15:41]     неудача (Timeout. Maybe slow down a bit) → пауза 14с
[04:16:03]     +100 (всего 3088)
[04:16:11]   comm r/YouTubers «ai%20slop» до 2025-10
[04:16:12]     неудача (Timeout. Maybe slow down a bit) → пауза 15с
[04:16:35]     неудача (Timeout. Maybe slow down a bit) → пауза 24с
[04:17:08]     неудача (Timeout. Maybe slow down a bit) → пауза 32с
[04:17:40]     ⚠ отказ, пропускаю этот запрос
[04:17:40]   comm r/YouTubers «youtube%20automati» до 2026-09
[04:17:49]     неудача (Timeout. Maybe slow down a bit) → пауза 12с
[04:18:11]     неудача (Timeout. Maybe slow down a bit) → пауза 25с
[04:18:37]     неудача (Timeout. Maybe slow down a bit) → пауза 37с
[04:19:14]     ⚠ отказ, пропускаю этот запрос
[04:19:14]   comm r/YouTubers «video%20monetizati» до 2026-09
[04:19:21]     +100 (всего 3188)
[04:19:31]   comm r/YouTubers «video%20monetizati» до 2025-09
[04:19:36]     +100 (всего 3288)
[04:19:46]   comm r/YouTubers «video%20monetizati» до 2025-07
[04:19:53]     +100 (всего 3388)
[04:20:00]   comm r/YouTubers «video%20monetizati» до 2025-06
[04:20:04]     +100 (всего 3488)
[04:20:12]   comm r/YouTubers «video%20monetizati» до 2025-05
[04:20:12]     неудача (Timeout. Maybe slow down a bit) → пауза 16с
[04:20:30]     +100 (всего 3588)
[04:20:39]   comm r/YouTubers «video%20monetizati» до 2025-05
[04:20:41]     неудача (Timeout. Maybe slow down a bit) → пауза 13с
[04:20:58]     +100 (всего 3688)
[04:21:05]   comm r/YouTubers «video%20monetizati» до 2025-04
[04:21:10]     +100 (всего 3788)
[04:21:19]   comm r/YouTubers «video%20monetizati» до 2025-04
[04:21:23]     +100 (всего 3888)
[04:21:33]   comm r/NewYouTubeCreators «faceless» до 2026-09
[04:21:34]     неудача (Timeout. Maybe slow down a bit) → пауза 15с
[04:21:50]     +0 (всего 3888)
[04:21:50]     меньше 100 — дошли до дна
[04:21:50]   comm r/NewYouTubeCreators «faceless%20youtube» до 2026-09
[04:21:51]     +0 (всего 3888)
[04:21:51]     меньше 100 — дошли до дна
[04:21:51]   comm r/NewYouTubeCreators «faceless%20channel» до 2026-09
[04:21:53]     +0 (всего 3888)
[04:21:53]     меньше 100 — дошли до дна
[04:21:53]   comm r/NewYouTubeCreators «faceless%20video» до 2026-09
[04:21:54]     +0 (всего 3888)
[04:21:54]     меньше 100 — дошли до дна
[04:21:54]   comm r/NewYouTubeCreators «ai%20youtube%20cha» до 2026-09
[04:21:55]     +0 (всего 3888)
[04:21:55]     меньше 100 — дошли до дна
[04:21:55]   comm r/NewYouTubeCreators «ai%20video%20chann» до 2026-09
[04:21:56]     +0 (всего 3888)
[04:21:56]     меньше 100 — дошли до дна
[04:21:56]   comm r/NewYouTubeCreators «ai%20slop» до 2026-09
[04:21:58]     +0 (всего 3888)
[04:21:58]     меньше 100 — дошли до дна
[04:21:58]   comm r/NewYouTubeCreators «youtube%20automati» до 2026-09
[04:21:59]     неудача (Too many requests) → пауза 13с
[04:22:12]     неудача (Timeout. Maybe slow down a bit) → пауза 24с
[04:22:37]     неудача (Timeout. Maybe slow down a bit) → пауза 35с
[04:23:12]     ⚠ отказ, пропускаю этот запрос
[04:23:12]   comm r/NewYouTubeCreators «video%20monetizati» до 2026-09
[04:23:14]     неудача (Timeout. Maybe slow down a bit) → пауза 16с
[04:23:32]     +0 (всего 3888)
[04:23:32]     меньше 100 — дошли до дна
[04:23:32]   comm r/ContentCreators «faceless» до 2026-09
[04:23:41]     +100 (всего 3988)
[04:23:50]   comm r/ContentCreators «faceless» до 2026-04
[04:23:58]     +100 (всего 4088)
[04:24:06]   comm r/ContentCreators «faceless» до 2025-11
[04:24:15]     неудача (Timeout. Maybe slow down a bit) → пауза 12с
[04:24:36]     неудача (Timeout. Maybe slow down a bit) → пауза 23с
[04:24:59]     неудача (Timeout. Maybe slow down a bit) → пауза 33с
[04:25:33]     ⚠ отказ, пропускаю этот запрос
[04:25:33]   comm r/ContentCreators «faceless%20youtube» до 2026-09
[04:25:42]     неудача (Timeout. Maybe slow down a bit) → пауза 15с
[04:26:07]     неудача (Timeout. Maybe slow down a bit) → пауза 25с
[04:26:40]     неудача (Timeout. Maybe slow down a bit) → пауза 37с
[04:27:17]     ⚠ отказ, пропускаю этот запрос
[04:27:17]   comm r/ContentCreators «faceless%20channel» до 2026-09
[04:27:26]     неудача (Timeout. Maybe slow down a bit) → пауза 13с
[04:27:48]     неудача (Timeout. Maybe slow down a bit) → пауза 23с
[04:28:20]     неудача (Timeout. Maybe slow down a bit) → пауза 37с
[04:28:57]     ⚠ отказ, пропускаю этот запрос
[04:28:57]   comm r/ContentCreators «faceless%20video» до 2026-09
[04:29:05]     неудача (Timeout. Maybe slow down a bit) → пауза 16с
[04:29:32]     неудача (Timeout. Maybe slow down a bit) → пауза 26с
[04:30:08]     неудача (Timeout. Maybe slow down a bit) → пауза 33с
[04:30:41]     ⚠ отказ, пропускаю этот запрос
[04:30:41]   comm r/ContentCreators «ai%20youtube%20cha» до 2026-09
[04:30:51]     неудача (Timeout. Maybe slow down a bit) → пауза 16с
[04:31:17]     неудача (Timeout. Maybe slow down a bit) → пауза 26с
[04:31:52]     неудача (Timeout. Maybe slow down a bit) → пауза 33с
[04:32:25]     ⚠ отказ, пропускаю этот запрос
[04:32:25]   comm r/ContentCreators «ai%20video%20chann» до 2026-09
[04:32:33]     неудача (Timeout. Maybe slow down a bit) → пауза 14с
[04:32:57]     неудача (Timeout. Maybe slow down a bit) → пауза 23с
[04:34:22]     неудача (Timeout. Maybe slow down a bit) → пауза 34с
[04:34:56]     ⚠ отказ, пропускаю этот запрос
[04:34:56]   comm r/ContentCreators «ai%20slop» до 2026-09
[04:35:17]     неудача (Expecting value: line 1 column 1 (char 0)) → пауза 16с
[04:35:53]     неудача (Expecting value: line 1 column 1 (char 0)) → пауза 22с
[04:36:36]     неудача (Expecting value: line 1 column 1 (char 0)) → пауза 36с
[04:37:12]     ⚠ отказ, пропускаю этот запрос
[04:37:12]   comm r/ContentCreators «youtube%20automati» до 2026-09
[04:37:20]     +34 (всего 4120)
[04:37:20]     меньше 100 — дошли до дна
[04:37:20]   comm r/ContentCreators «video%20monetizati» до 2026-09
[04:37:31]     +100 (всего 4211)
[04:37:39]   comm r/ContentCreators «video%20monetizati» до 2025-01
[04:37:45]     +4 (всего 4215)
[04:37:45]     меньше 100 — дошли до дна
[04:37:45]   comm r/VideoEditing «faceless» до 2026-09
[04:37:54]     неудача (Timeout. Maybe slow down a bit) → пауза 13с
[04:38:17]     неудача (Timeout. Maybe slow down a bit) → пауза 27с
[04:38:53]     неудача (Timeout. Maybe slow down a bit) → пауза 34с
[04:39:27]     ⚠ отказ, пропускаю этот запрос
[04:39:27]   comm r/VideoEditing «faceless%20youtube» до 2026-09
[04:39:36]     неудача (Timeout. Maybe slow down a bit) → пауза 13с
[04:39:58]     неудача (Timeout. Maybe slow down a bit) → пауза 25с
[04:40:34]     неудача (Timeout. Maybe slow down a bit) → пауза 36с
[04:41:10]     ⚠ отказ, пропускаю этот запрос
[04:41:10]   comm r/VideoEditing «faceless%20channel» до 2026-09
[04:41:18]     неудача (Timeout. Maybe slow down a bit) → пауза 17с
[04:41:44]     неудача (Timeout. Maybe slow down a bit) → пауза 27с
[04:42:21]     неудача (Timeout. Maybe slow down a bit) → пауза 33с
[04:42:54]     ⚠ отказ, пропускаю этот запрос
[04:42:54]   comm r/VideoEditing «faceless%20video» до 2026-09
[04:43:03]     неудача (Timeout. Maybe slow down a bit) → пауза 15с
[04:43:27]     неудача (Timeout. Maybe slow down a bit) → пауза 26с
[04:44:01]     неудача (Timeout. Maybe slow down a bit) → пауза 34с
[04:44:35]     ⚠ отказ, пропускаю этот запрос
[04:44:35]   comm r/VideoEditing «ai%20youtube%20cha» до 2026-09
[04:44:43]     неудача (Timeout. Maybe slow down a bit) → пауза 16с
[04:45:08]     неудача (Timeout. Maybe slow down a bit) → пауза 26с
[04:45:44]     неудача (Timeout. Maybe slow down a bit) → пауза 34с
[04:46:18]     ⚠ отказ, пропускаю этот запрос
[04:46:18]   comm r/VideoEditing «ai%20video%20chann» до 2026-09
[04:46:19]     неудача (Timeout. Maybe slow down a bit) → пауза 15с
[04:46:43]     неудача (Timeout. Maybe slow down a bit) → пауза 26с
[04:47:19]     неудача (Timeout. Maybe slow down a bit) → пауза 37с
[04:47:56]     ⚠ отказ, пропускаю этот запрос
[04:47:56]   comm r/VideoEditing «ai%20slop» до 2026-09
[04:48:04]     неудача (Timeout. Maybe slow down a bit) → пауза 12с
[04:48:27]     неудача (Timeout. Maybe slow down a bit) → пауза 25с
[04:49:01]     неудача (Timeout. Maybe slow down a bit) → пауза 33с
[04:49:34]     ⚠ отказ, пропускаю этот запрос
[04:49:34]   comm r/VideoEditing «youtube%20automati» до 2026-09
[04:49:44]     неудача (Timeout. Maybe slow down a bit) → пауза 15с
[04:50:09]     неудача (Timeout. Maybe slow down a bit) → пауза 24с
[04:50:46]     неудача (Timeout. Maybe slow down a bit) → пауза 35с
[04:51:20]     ⚠ отказ, пропускаю этот запрос
[04:51:20]   comm r/VideoEditing «video%20monetizati» до 2026-09
[04:51:32]     неудача (Timeout. Maybe slow down a bit) → пауза 14с
[04:51:54]     неудача (Timeout. Maybe slow down a bit) → пауза 26с
[04:52:22]     неудача (Timeout. Maybe slow down a bit) → пауза 35с
[04:52:57]     ⚠ отказ, пропускаю этот запрос
[04:52:57]   comm r/YouTubeCreators «faceless» до 2026-09
[04:53:07]     +100 (всего 4315)
[04:53:17]   comm r/YouTubeCreators «faceless» до 2026-08
[04:53:18]     неудача (Timeout. Maybe slow down a bit) → пауза 14с
[04:53:41]     неудача (Timeout. Maybe slow down a bit) → пауза 26с
[04:54:16]     неудача (Timeout. Maybe slow down a bit) → пауза 36с
[04:54:53]     ⚠ отказ, пропускаю этот запрос
[04:54:53]   comm r/YouTubeCreators «faceless%20youtube» до 2026-09
[04:55:01]     неудача (Timeout. Maybe slow down a bit) → пауза 16с
[04:55:28]     неудача (Timeout. Maybe slow down a bit) → пауза 24с
[04:56:02]     неудача (Timeout. Maybe slow down a bit) → пауза 36с
[04:56:38]     ⚠ отказ, пропускаю этот запрос
[04:56:38]   comm r/YouTubeCreators «faceless%20channel» до 2026-09
[04:56:47]     неудача (Timeout. Maybe slow down a bit) → пауза 15с
[04:57:11]     неудача (Timeout. Maybe slow down a bit) → пауза 27с
[04:57:47]     неудача (Timeout. Maybe slow down a bit) → пауза 35с
[04:58:22]     ⚠ отказ, пропускаю этот запрос
[04:58:22]   comm r/YouTubeCreators «faceless%20video» до 2026-09
[04:58:30]     неудача (Timeout. Maybe slow down a bit) → пауза 17с
[04:58:56]     неудача (Timeout. Maybe slow down a bit) → пауза 26с
[04:59:32]     неудача (Timeout. Maybe slow down a bit) → пауза 32с
[05:00:04]     ⚠ отказ, пропускаю этот запрос
[05:00:04]   comm r/YouTubeCreators «ai%20youtube%20cha» до 2026-09
[05:00:13]     неудача (Timeout. Maybe slow down a bit) → пауза 16с
[05:00:37]     неудача (Timeout. Maybe slow down a bit) → пауза 25с
[05:01:11]     +100 (всего 4412)
[05:01:20]   comm r/YouTubeCreators «ai%20youtube%20cha» до 2026-08
[05:01:29]     +100 (всего 4512)
[05:01:38]   comm r/YouTubeCreators «ai%20youtube%20cha» до 2026-07
[05:01:48]     неудача (Timeout. Maybe slow down a bit) → пауза 15с
[05:02:04]     неудача (Timeout. Maybe slow down a bit) → пауза 25с
[05:02:37]     неудача (Timeout. Maybe slow down a bit) → пауза 34с
[05:03:11]     ⚠ отказ, пропускаю этот запрос
[05:03:11]   comm r/YouTubeCreators «ai%20video%20chann» до 2026-09
[05:03:20]     +100 (всего 4563)
[05:03:29]   comm r/YouTubeCreators «ai%20video%20chann» до 2026-09
[05:03:36]     +100 (всего 4628)
[05:03:45]   comm r/YouTubeCreators «ai%20video%20chann» до 2026-08
[05:03:52]     +100 (всего 4712)
[05:04:00]   comm r/YouTubeCreators «ai%20video%20chann» до 2026-07
[05:04:07]     +100 (всего 4812)
[05:04:15]   comm r/YouTubeCreators «ai%20video%20chann» до 2026-05
[05:04:25]     неудача (Timeout. Maybe slow down a bit) → пауза 14с
[05:04:45]     +100 (всего 4912)
[05:04:53]   comm r/YouTubeCreators «ai%20video%20chann» до 2026-05
[05:04:59]     +100 (всего 5012)
[05:05:07]   comm r/YouTubeCreators «ai%20video%20chann» до 2026-04
[05:05:17]     неудача (Timeout. Maybe slow down a bit) → пауза 16с
[05:05:41]     неудача (Timeout. Maybe slow down a bit) → пауза 26с
[05:06:17]     неудача (Timeout. Maybe slow down a bit) → пауза 32с
[05:06:50]     ⚠ отказ, пропускаю этот запрос
[05:06:50]   comm r/YouTubeCreators «ai%20slop» до 2026-09
[05:06:57]     +100 (всего 5101)
[05:07:05]   comm r/YouTubeCreators «ai%20slop» до 2026-09
[05:07:08]     +100 (всего 5191)
[05:07:18]   comm r/YouTubeCreators «ai%20slop» до 2026-09
[05:07:19]     неудача (Timeout. Maybe slow down a bit) → пауза 14с
[05:07:37]     +100 (всего 5277)
[05:07:47]   comm r/YouTubeCreators «ai%20slop» до 2026-08
[05:07:48]     неудача (Timeout. Maybe slow down a bit) → пауза 15с
[05:08:09]     +100 (всего 5364)
[05:08:17]   comm r/YouTubeCreators «ai%20slop» до 2026-08
[05:08:20]     +100 (всего 5452)
[05:08:28]   comm r/YouTubeCreators «ai%20slop» до 2026-08
[05:08:32]     +100 (всего 5543)
[05:08:41]   comm r/YouTubeCreators «ai%20slop» до 2026-07
[05:08:44]     +100 (всего 5634)
[05:08:53]   comm r/YouTubeCreators «ai%20slop» до 2026-07
[05:08:54]     неудача (Timeout. Maybe slow down a bit) → пауза 13с
[05:09:11]     +100 (всего 5723)
[05:09:21]   comm r/YouTubeCreators «youtube%20automati» до 2026-09
[05:09:30]     неудача (Timeout. Maybe slow down a bit) → пауза 14с
[05:09:54]     неудача (Timeout. Maybe slow down a bit) → пауза 24с
[05:10:27]     неудача (Timeout. Maybe slow down a bit) → пауза 34с
[05:11:02]     ⚠ отказ, пропускаю этот запрос
[05:11:02]   comm r/YouTubeCreators «video%20monetizati» до 2026-09
[05:11:08]     +100 (всего 5808)
[05:11:18]   comm r/YouTubeCreators «video%20monetizati» до 2026-09
[05:11:24]     +100 (всего 5900)
[05:11:32]   comm r/YouTubeCreators «video%20monetizati» до 2026-08
[05:11:36]     +100 (всего 5995)
[05:11:44]   comm r/YouTubeCreators «video%20monetizati» до 2026-07
[05:11:53]     неудача (Timeout. Maybe slow down a bit) → пауза 15с
[05:12:15]     +100 (всего 6084)
[05:12:25]   comm r/YouTubeCreators «video%20monetizati» до 2026-06
[05:12:29]     +100 (всего 6172)
[05:12:39]   comm r/YouTubeCreators «video%20monetizati» до 2026-05
[05:12:45]     +100 (всего 6265)
[05:12:54]   comm r/YouTubeCreators «video%20monetizati» до 2026-05
[05:13:01]     +100 (всего 6351)
[05:13:09]   comm r/YouTubeCreators «video%20monetizati» до 2026-04
[05:13:10]     неудача (Timeout. Maybe slow down a bit) → пауза 15с
[05:13:32]     +100 (всего 6451)
[05:13:40]   comm r/YoutubeCreators «faceless» до 2026-09
[05:13:47]     +100 (всего 6451)
[05:13:57]   comm r/YoutubeCreators «faceless» до 2026-08
[05:14:05]     +100 (всего 6533)
[05:14:13]   comm r/YoutubeCreators «faceless» до 2026-07
[05:14:21]     +100 (всего 6622)
[05:14:30]   comm r/YoutubeCreators «faceless» до 2026-06
[05:14:39]     +100 (всего 6705)
[05:14:47]   comm r/YoutubeCreators «faceless» до 2026-04
[05:14:55]     неудача (Timeout. Maybe slow down a bit) → пауза 14с
[05:15:10]     неудача (Timeout. Maybe slow down a bit) → пауза 26с
[05:15:46]     +100 (всего 6796)
[05:15:55]   comm r/YoutubeCreators «faceless» до 2026-03
[05:16:03]     +100 (всего 6892)
[05:16:13]   comm r/YoutubeCreators «faceless» до 2026-02
[05:16:23]     неудача (Timeout. Maybe slow down a bit) → пауза 13с
[05:16:45]     неудача (Timeout. Maybe slow down a bit) → пауза 27с
[05:17:21]     неудача (Timeout. Maybe slow down a bit) → пауза 33с
[05:17:54]     ⚠ отказ, пропускаю этот запрос
[05:17:54]   comm r/YoutubeCreators «faceless%20youtube» до 2026-09
[05:18:03]     неудача (Timeout. Maybe slow down a bit) → пауза 17с
[05:18:30]     неудача (Timeout. Maybe slow down a bit) → пауза 23с
[05:19:03]     неудача (Timeout. Maybe slow down a bit) → пауза 34с
[05:19:36]     ⚠ отказ, пропускаю этот запрос
[05:19:36]   comm r/YoutubeCreators «faceless%20channel» до 2026-09
[05:19:46]     неудача (Timeout. Maybe slow down a bit) → пауза 16с
[05:20:10]     неудача (Timeout. Maybe slow down a bit) → пауза 26с
[05:20:45]     неудача (Timeout. Maybe slow down a bit) → пауза 32с
[05:21:18]     ⚠ отказ, пропускаю этот запрос
[05:21:18]   comm r/YoutubeCreators «faceless%20video» до 2026-09
[05:21:27]     неудача (Timeout. Maybe slow down a bit) → пауза 13с
[05:21:49]     неудача (Timeout. Maybe slow down a bit) → пауза 26с
[05:22:25]     неудача (Timeout. Maybe slow down a bit) → пауза 36с
[05:23:02]     ⚠ отказ, пропускаю этот запрос
[05:23:02]   comm r/YoutubeCreators «ai%20youtube%20cha» до 2026-09
[05:23:10]     +100 (всего 6892)
[05:23:19]   comm r/YoutubeCreators «ai%20youtube%20cha» до 2026-08
[05:23:20]     неудача (Timeout. Maybe slow down a bit) → пауза 13с
[05:23:39]     +100 (всего 6892)
[05:23:48]   comm r/YoutubeCreators «ai%20youtube%20cha» до 2026-07
[05:23:54]     +100 (всего 6932)
[05:24:03]   comm r/YoutubeCreators «ai%20youtube%20cha» до 2026-06
[05:24:04]     неудача (Timeout. Maybe slow down a bit) → пауза 12с
[05:24:25]     +100 (всего 6970)
[05:24:34]   comm r/YoutubeCreators «ai%20youtube%20cha» до 2026-05
[05:24:35]     неудача (Timeout. Maybe slow down a bit) → пауза 13с
[05:24:48]     неудача (Timeout. Maybe slow down a bit) → пауза 22с
[05:25:18]     +100 (всего 7011)
[05:25:25]   comm r/YoutubeCreators «ai%20youtube%20cha» до 2026-04
[05:25:36]     +100 (всего 7094)
[05:25:45]   comm r/YoutubeCreators «ai%20youtube%20cha» до 2026-03
[05:25:45]     неудача (Timeout. Maybe slow down a bit) → пауза 16с
[05:26:11]     неудача (Timeout. Maybe slow down a bit) → пауза 27с
[05:26:46]     +100 (всего 7192)
[05:26:55]   comm r/YoutubeCreators «ai%20youtube%20cha» до 2026-01
[05:26:56]     неудача (Timeout. Maybe slow down a bit) → пауза 15с
[05:27:21]     неудача (Timeout. Maybe slow down a bit) → пауза 24с
[05:27:54]     неудача (Timeout. Maybe slow down a bit) → пауза 33с
[05:28:28]     ⚠ отказ, пропускаю этот запрос
[05:28:28]   comm r/YoutubeCreators «ai%20video%20chann» до 2026-09
[05:28:28]     неудача (Timeout. Maybe slow down a bit) → пауза 17с
[05:28:55]     +100 (всего 7192)
[05:29:04]   comm r/YoutubeCreators «ai%20video%20chann» до 2026-09
[05:29:06]     неудача (Timeout. Maybe slow down a bit) → пауза 16с
[05:29:29]     +100 (всего 7192)
[05:29:37]   comm r/YoutubeCreators «ai%20video%20chann» до 2026-08
[05:29:45]     +100 (всего 7192)
[05:29:52]   comm r/YoutubeCreators «ai%20video%20chann» до 2026-07
[05:30:00]     +100 (всего 7192)
[05:30:08]   comm r/YoutubeCreators «ai%20video%20chann» до 2026-05
[05:30:14]     +100 (всего 7192)
[05:30:22]   comm r/YoutubeCreators «ai%20video%20chann» до 2026-05
[05:30:23]     неудача (Timeout. Maybe slow down a bit) → пауза 16с
[05:30:45]     +100 (всего 7192)
[05:30:53]   comm r/YoutubeCreators «ai%20video%20chann» до 2026-04
[05:31:02]     +100 (всего 7239)
[05:31:11]   comm r/YoutubeCreators «ai%20video%20chann» до 2026-02
[05:31:12]     неудача (Timeout. Maybe slow down a bit) → пауза 13с
[05:31:25]     неудача (Timeout. Maybe slow down a bit) → пауза 24с
[05:31:58]     неудача (Timeout. Maybe slow down a bit) → пауза 33с
[05:32:31]     ⚠ отказ, пропускаю этот запрос
[05:32:31]   comm r/YoutubeCreators «ai%20slop» до 2026-09
[05:32:39]     +100 (всего 7239)
[05:32:49]   comm r/YoutubeCreators «ai%20slop» до 2026-09
[05:32:51]     +100 (всего 7239)
[05:32:59]   comm r/YoutubeCreators «ai%20slop» до 2026-09
[05:33:03]     +100 (всего 7239)
[05:33:11]   comm r/YoutubeCreators «ai%20slop» до 2026-08
[05:33:15]     +100 (всего 7239)
[05:33:24]   comm r/YoutubeCreators «ai%20slop» до 2026-08
[05:33:29]     +100 (всего 7239)
[05:33:36]   comm r/YoutubeCreators «ai%20slop» до 2026-08
[05:33:40]     +100 (всего 7239)
[05:33:49]   comm r/YoutubeCreators «ai%20slop» до 2026-07
[05:33:52]     +100 (всего 7239)
[05:34:00]   comm r/YoutubeCreators «ai%20slop» до 2026-07
[05:34:05]     +100 (всего 7239)
[05:34:13]   comm r/YoutubeCreators «youtube%20automati» до 2026-09
[05:34:14]     неудача (Timeout. Maybe slow down a bit) → пауза 13с
[05:34:36]     неудача (Timeout. Maybe slow down a bit) → пауза 24с
[05:35:11]     неудача (Timeout. Maybe slow down a bit) → пауза 34с
[05:35:45]     ⚠ отказ, пропускаю этот запрос
[05:35:45]   comm r/YoutubeCreators «video%20monetizati» до 2026-09
[05:35:46]     неудача (Timeout. Maybe slow down a bit) → пауза 17с
[05:36:13]     +100 (всего 7239)
[05:36:20]   comm r/YoutubeCreators «video%20monetizati» до 2026-09
[05:36:26]     +100 (всего 7239)
[05:36:35]   comm r/YoutubeCreators «video%20monetizati» до 2026-08
[05:36:36]     неудача (Timeout. Maybe slow down a bit) → пауза 15с
[05:36:56]     +100 (всего 7239)
[05:37:04]   comm r/YoutubeCreators «video%20monetizati» до 2026-07
[05:37:11]     +100 (всего 7239)
[05:37:19]   comm r/YoutubeCreators «video%20monetizati» до 2026-06
[05:37:25]     +100 (всего 7239)
[05:37:33]   comm r/YoutubeCreators «video%20monetizati» до 2026-05
[05:37:38]     +100 (всего 7239)
[05:37:46]   comm r/YoutubeCreators «video%20monetizati» до 2026-05
[05:37:52]     +100 (всего 7239)
[05:37:59]   comm r/YoutubeCreators «video%20monetizati» до 2026-04
[05:38:05]     +100 (всего 7239)
[05:38:15]   comm r/SideProject «faceless» до 2026-09
[05:38:15]     неудача (Timeout. Maybe slow down a bit) → пауза 16с
[05:38:40]     неудача (Timeout. Maybe slow down a bit) → пауза 26с
[05:39:06]     неудача (Timeout. Maybe slow down a bit) → пауза 36с
[05:39:42]     ⚠ отказ, пропускаю этот запрос
[05:39:42]   comm r/SideProject «faceless%20youtube» до 2026-09
[05:39:52]     неудача (Timeout. Maybe slow down a bit) → пауза 13с
[05:40:14]     неудача (Timeout. Maybe slow down a bit) → пауза 23с
[05:40:45]     неудача (Timeout. Maybe slow down a bit) → пауза 37с
[05:41:22]     ⚠ отказ, пропускаю этот запрос
[05:41:22]   comm r/SideProject «faceless%20channel» до 2026-09
[05:41:30]     неудача (Timeout. Maybe slow down a bit) → пауза 14с
[05:41:54]     неудача (Timeout. Maybe slow down a bit) → пауза 22с
[05:42:17]     неудача (Timeout. Maybe slow down a bit) → пауза 34с
[05:42:51]     ⚠ отказ, пропускаю этот запрос
[05:42:51]   comm r/SideProject «faceless%20video» до 2026-09
[05:42:51]     неудача (Timeout. Maybe slow down a bit) → пауза 15с
[05:43:07]     неудача (Timeout. Maybe slow down a bit) → пауза 22с
[05:43:38]     неудача (Timeout. Maybe slow down a bit) → пауза 36с
[05:44:14]     ⚠ отказ, пропускаю этот запрос
[05:44:14]   comm r/SideProject «ai%20youtube%20cha» до 2026-09
[05:44:15]     неудача (Timeout. Maybe slow down a bit) → пауза 12с
[05:44:36]     неудача (Timeout. Maybe slow down a bit) → пауза 23с
[05:45:08]     неудача (Timeout. Maybe slow down a bit) → пауза 32с
[05:45:41]     ⚠ отказ, пропускаю этот запрос
[05:45:41]   comm r/SideProject «ai%20video%20chann» до 2026-09
[05:45:49]     неудача (Timeout. Maybe slow down a bit) → пауза 13с
[05:46:14]     неудача (Timeout. Maybe slow down a bit) → пауза 24с
[05:46:48]     неудача (Timeout. Maybe slow down a bit) → пауза 36с
[05:47:24]     ⚠ отказ, пропускаю этот запрос
[05:47:24]   comm r/SideProject «ai%20slop» до 2026-09
[05:47:32]     +100 (всего 7339)
[05:47:41]   comm r/SideProject «ai%20slop» до 2026-09
[05:47:48]     +100 (всего 7439)
[05:47:56]   comm r/SideProject «ai%20slop» до 2026-09
[05:48:03]     +100 (всего 7539)
[05:48:11]   comm r/SideProject «ai%20slop» до 2026-08
[05:48:12]     неудача (Timeout. Maybe slow down a bit) → пауза 14с
[05:48:26]     неудача (Timeout. Maybe slow down a bit) → пауза 26с
[05:49:01]     неудача (Timeout. Maybe slow down a bit) → пауза 35с
[05:49:36]     ⚠ отказ, пропускаю этот запрос
[05:49:36]   comm r/SideProject «youtube%20automati» до 2026-09
[05:49:44]     неудача (Timeout. Maybe slow down a bit) → пауза 13с
[05:50:06]     неудача (Timeout. Maybe slow down a bit) → пауза 23с
[05:50:40]     неудача (Timeout. Maybe slow down a bit) → пауза 34с
[05:51:14]     ⚠ отказ, пропускаю этот запрос
[05:51:14]   comm r/SideProject «video%20monetizati» до 2026-09
[05:51:24]     неудача (Timeout. Maybe slow down a bit) → пауза 13с
[05:51:38]     неудача (Timeout. Maybe slow down a bit) → пауза 26с
[05:52:05]     неудача (Timeout. Maybe slow down a bit) → пауза 36с
[05:52:40]     ⚠ отказ, пропускаю этот запрос
[05:52:40]   comm r/Entrepreneur «faceless» до 2026-09
[05:52:51]     неудача (Timeout. Maybe slow down a bit) → пауза 12с
[05:53:04]     неудача (Timeout. Maybe slow down a bit) → пауза 22с
[05:53:34]     неудача (Timeout. Maybe slow down a bit) → пауза 33с
[05:54:07]     ⚠ отказ, пропускаю этот запрос
[05:54:07]   comm r/Entrepreneur «faceless%20youtube» до 2026-09
[05:54:08]     неудача (Timeout. Maybe slow down a bit) → пауза 16с
[05:54:34]     неудача (Timeout. Maybe slow down a bit) → пауза 26с
[05:55:08]     неудача (Timeout. Maybe slow down a bit) → пауза 33с
[05:55:42]     ⚠ отказ, пропускаю этот запрос
[05:55:42]   comm r/Entrepreneur «faceless%20channel» до 2026-09
[05:55:51]     неудача (Timeout. Maybe slow down a bit) → пауза 15с
[05:56:07]     неудача (Timeout. Maybe slow down a bit) → пауза 23с
[05:56:40]     неудача (Timeout. Maybe slow down a bit) → пауза 34с
[05:57:15]     ⚠ отказ, пропускаю этот запрос
[05:57:15]   comm r/Entrepreneur «faceless%20video» до 2026-09
[05:57:24]     неудача (Timeout. Maybe slow down a bit) → пауза 13с
[05:57:46]     неудача (Timeout. Maybe slow down a bit) → пауза 23с
[05:58:10]     неудача (Timeout. Maybe slow down a bit) → пауза 35с
[05:58:44]     ⚠ отказ, пропускаю этот запрос
[05:58:44]   comm r/Entrepreneur «ai%20youtube%20cha» до 2026-09
[05:58:53]     неудача (Timeout. Maybe slow down a bit) → пауза 13с
[05:59:15]     неудача (Timeout. Maybe slow down a bit) → пауза 27с
[05:59:43]     неудача (Timeout. Maybe slow down a bit) → пауза 36с
[06:00:19]     ⚠ отказ, пропускаю этот запрос
[06:00:19]   comm r/Entrepreneur «ai%20video%20chann» до 2026-09
[06:00:28]     неудача (Timeout. Maybe slow down a bit) → пауза 16с
[06:00:53]     неудача (Timeout. Maybe slow down a bit) → пауза 23с
[06:01:27]     неудача (Timeout. Maybe slow down a bit) → пауза 34с
[06:02:00]     ⚠ отказ, пропускаю этот запрос
[06:02:00]   comm r/Entrepreneur «ai%20slop» до 2026-09
[06:02:13]     неудача (Timeout. Maybe slow down a bit) → пауза 12с
[06:02:35]     неудача (Timeout. Maybe slow down a bit) → пауза 26с
[06:03:02]     неудача (Timeout. Maybe slow down a bit) → пауза 32с
[06:03:34]     ⚠ отказ, пропускаю этот запрос
[06:03:34]   comm r/Entrepreneur «youtube%20automati» до 2026-09
[06:03:44]     неудача (Timeout. Maybe slow down a bit) → пауза 16с
[06:04:00]     неудача (Timeout. Maybe slow down a bit) → пауза 22с
[06:04:33]     неудача (Timeout. Maybe slow down a bit) → пауза 34с
[06:05:07]     ⚠ отказ, пропускаю этот запрос
[06:05:07]   comm r/Entrepreneur «video%20monetizati» до 2026-09
[06:05:18]     неудача (Timeout. Maybe slow down a bit) → пауза 16с
[06:05:45]     неудача (Timeout. Maybe slow down a bit) → пауза 26с
[06:06:20]     неудача (Timeout. Maybe slow down a bit) → пауза 36с
[06:06:57]     ⚠ отказ, пропускаю этот запрос
[06:06:57]   comm r/smallbusiness «faceless» до 2026-09
[06:07:06]     неудача (Timeout. Maybe slow down a bit) → пауза 17с
[06:07:32]     неудача (Timeout. Maybe slow down a bit) → пауза 24с
[06:08:06]     неудача (Timeout. Maybe slow down a bit) → пауза 33с
[06:08:39]     ⚠ отказ, пропускаю этот запрос
[06:08:39]   comm r/smallbusiness «faceless%20youtube» до 2026-09
[06:08:49]     неудача (Timeout. Maybe slow down a bit) → пауза 12с
[06:09:12]     неудача (Timeout. Maybe slow down a bit) → пауза 26с
[06:09:47]     неудача (Timeout. Maybe slow down a bit) → пауза 36с
[06:10:22]     ⚠ отказ, пропускаю этот запрос
[06:10:22]   comm r/smallbusiness «faceless%20channel» до 2026-09
[06:10:32]     неудача (Timeout. Maybe slow down a bit) → пауза 13с
[06:10:54]     неудача (Timeout. Maybe slow down a bit) → пауза 23с
[06:11:25]     неудача (Timeout. Maybe slow down a bit) → пауза 34с
[06:11:59]     ⚠ отказ, пропускаю этот запрос
[06:11:59]   comm r/smallbusiness «faceless%20video» до 2026-09
[06:12:10]     неудача (Timeout. Maybe slow down a bit) → пауза 15с
[06:12:26]     неудача (Timeout. Maybe slow down a bit) → пауза 22с
[06:12:57]     неудача (Timeout. Maybe slow down a bit) → пауза 33с
[06:13:31]     ⚠ отказ, пропускаю этот запрос
[06:13:31]   comm r/smallbusiness «ai%20youtube%20cha» до 2026-09
[06:13:41]     неудача (Timeout. Maybe slow down a bit) → пауза 15с
[06:14:05]     неудача (Timeout. Maybe slow down a bit) → пауза 24с
[06:14:38]     неудача (Timeout. Maybe slow down a bit) → пауза 34с
[06:15:12]     ⚠ отказ, пропускаю этот запрос
[06:15:12]   comm r/smallbusiness «ai%20video%20chann» до 2026-09
[06:15:21]     неудача (Timeout. Maybe slow down a bit) → пауза 15с
[06:15:46]     неудача (Timeout. Maybe slow down a bit) → пауза 27с
[06:16:14]     неудача (Timeout. Maybe slow down a bit) → пауза 34с
[06:16:48]     ⚠ отказ, пропускаю этот запрос
[06:16:48]   comm r/smallbusiness «ai%20slop» до 2026-09
[06:16:58]     неудача (Timeout. Maybe slow down a bit) → пауза 17с
[06:17:24]     неудача (Timeout. Maybe slow down a bit) → пауза 27с
[06:18:00]     неудача (Timeout. Maybe slow down a bit) → пауза 35с
[06:18:35]     ⚠ отказ, пропускаю этот запрос
[06:18:35]   comm r/smallbusiness «youtube%20automati» до 2026-09
[06:18:46]     неудача (Timeout. Maybe slow down a bit) → пауза 14с
[06:19:09]     неудача (Timeout. Maybe slow down a bit) → пауза 25с
[06:19:43]     неудача (Timeout. Maybe slow down a bit) → пауза 34с
[06:20:17]     ⚠ отказ, пропускаю этот запрос
[06:20:17]   comm r/smallbusiness «video%20monetizati» до 2026-09
[06:20:18]     неудача (Timeout. Maybe slow down a bit) → пауза 13с
[06:20:40]     неудача (Timeout. Maybe slow down a bit) → пауза 26с
[06:21:15]     неудача (Timeout. Maybe slow down a bit) → пауза 32с
[06:21:48]     ⚠ отказ, пропускаю этот запрос
[06:21:48]   comm r/SaaS «faceless» до 2026-09
[06:21:58]     неудача (Timeout. Maybe slow down a bit) → пауза 17с
[06:22:24]     неудача (Timeout. Maybe slow down a bit) → пауза 22с
[06:22:47]     неудача (Timeout. Maybe slow down a bit) → пауза 32с
[06:23:19]     ⚠ отказ, пропускаю этот запрос
[06:23:19]   comm r/SaaS «faceless%20youtube» до 2026-09
[06:23:28]     неудача (Timeout. Maybe slow down a bit) → пауза 15с
[06:23:57]     неудача (Timeout. Maybe slow down a bit) → пауза 23с
[06:24:28]     неудача (Timeout. Maybe slow down a bit) → пауза 36с
[06:25:04]     ⚠ отказ, пропускаю этот запрос
[06:25:04]   comm r/SaaS «faceless%20channel» до 2026-09
[06:25:15]     неудача (Timeout. Maybe slow down a bit) → пауза 14с
[06:25:38]     неудача (Timeout. Maybe slow down a bit) → пауза 25с
[06:26:12]     неудача (Timeout. Maybe slow down a bit) → пауза 33с
[06:26:45]     ⚠ отказ, пропускаю этот запрос
[06:26:45]   comm r/SaaS «faceless%20video» до 2026-09
[06:26:54]     неудача (Timeout. Maybe slow down a bit) → пауза 16с
[06:27:18]     неудача (Timeout. Maybe slow down a bit) → пауза 25с
[06:27:55]     неудача (Timeout. Maybe slow down a bit) → пауза 36с
[06:28:31]     ⚠ отказ, пропускаю этот запрос
[06:28:31]   comm r/SaaS «ai%20youtube%20cha» до 2026-09
[06:28:32]     неудача (Timeout. Maybe slow down a bit) → пауза 12с
[06:28:53]     неудача (Timeout. Maybe slow down a bit) → пауза 25с
[06:29:28]     неудача (Timeout. Maybe slow down a bit) → пауза 36с
